\BOOKMARK [1][-]{section*.1}{\376\377\000L\000e\000s\000s\000o\000n\000\040\0001\000,\000\040\0002\0003\000/\0000\0009}{}% 1
\BOOKMARK [1][-]{section*.1}{\376\377\000L\000e\000s\000s\000o\000n\000\040\0002\000,\000\040\0002\0004\000/\0000\0009}{}% 2
\BOOKMARK [1][-]{section.1}{\376\377\000N\000a\000t\000u\000r\000a\000l\000\040\000u\000n\000i\000t\000s}{}% 3
\BOOKMARK [1][-]{section.2}{\376\377\000K\000l\000e\000i\000n\000-\000G\000o\000r\000d\000o\000n\000\040\000E\000q\000u\000a\000t\000i\000o\000n}{}% 4
\BOOKMARK [1][-]{section.3}{\376\377\000S\000y\000m\000m\000e\000t\000r\000i\000e\000s\000\040\000a\000n\000d\000\040\000c\000o\000n\000s\000e\000r\000v\000a\000t\000i\000o\000n\000s}{}% 5
\BOOKMARK [2][-]{subsection.3.1}{\376\377\000L\000o\000r\000e\000n\000t\000z\000-\000P\000o\000i\000n\000c\000a\000r\000\351\000\040\000g\000r\000o\000u\000p}{section.3}% 6
\BOOKMARK [1][-]{subsection.3.1}{\376\377\000L\000e\000s\000s\000o\000n\000\040\0003\000,\000\040\0002\0008\000/\0000\0009}{}% 7
\BOOKMARK [1][-]{section.4}{\376\377\000S\000y\000m\000m\000e\000t\000r\000i\000e\000s\000\040\000a\000n\000d\000\040\000G\000r\000o\000u\000p\000\040\000T\000h\000e\000o\000r\000y}{}% 8
\BOOKMARK [2][-]{subsection.4.1}{\376\377\000Z\000o\000o\000l\000o\000g\000y}{section.4}% 9
\BOOKMARK [1][-]{section.5}{\376\377\000L\000i\000e\000\040\000G\000r\000o\000u\000p\000s}{}% 10
\BOOKMARK [2][-]{subsection.5.1}{\376\377\000E\000x\000a\000m\000p\000l\000e\000:\000\040\000a\000l\000g\000e\000b\000r\000a\000\040\000o\000f\000\040\000S\000O\000\050\0003\000\051}{section.5}% 11
\BOOKMARK [2][-]{subsection.5.2}{\376\377\000E\000x\000a\000m\000p\000l\000e\000:\000\040\000a\000l\000g\000e\000b\000r\000a\000\040\000o\000f\000\040\000S\000U\000\050\0002\000\051}{section.5}% 12
\BOOKMARK [1][-]{section.6}{\376\377\000G\000r\000o\000u\000p\000\040\000r\000e\000p\000r\000e\000s\000e\000n\000t\000a\000t\000i\000o\000n\000s}{}% 13
\BOOKMARK [1][-]{section.6}{\376\377\000L\000e\000s\000s\000o\000n\000\040\0004\000,\000\040\0003\0000\000/\0000\0009}{}% 14
\BOOKMARK [1][-]{section.7}{\376\377\000E\000x\000a\000m\000p\000l\000e\000:\000\040\000a\000n\000g\000u\000l\000a\000r\000\040\000m\000o\000m\000e\000n\000t\000u\000m\000\040\000a\000s\000\040\000a\000\040\000r\000e\000p\000r\000e\000s\000e\000n\000t\000a\000t\000i\000o\000n}{}% 15
\BOOKMARK [1][-]{section.8}{\376\377\000E\000x\000a\000m\000p\000l\000e\000:\000\040\000r\000e\000d\000u\000c\000i\000b\000l\000e\000\040\000r\000e\000p\000r\000e\000s\000e\000n\000t\000a\000t\000i\000o\000n}{}% 16
\BOOKMARK [1][-]{section.9}{\376\377\000T\000h\000e\000\040\000L\000o\000r\000e\000n\000t\000z\000\040\000G\000r\000o\000u\000p\000\040\000R\000e\000p\000r\000e\000s\000e\000n\000t\000a\000t\000i\000o\000n}{}% 17
\BOOKMARK [1][-]{section.9}{\376\377\000L\000e\000s\000s\000o\000n\000\040\0005\000,\000\040\0000\0001\000/\0001\0000}{}% 18
\BOOKMARK [1][-]{section.10}{\376\377\000M\000o\000r\000e\000\040\000o\000n\000\040\000t\000h\000e\000\040\000L\000o\000r\000e\000n\000t\000z\000\040\000g\000r\000o\000u\000p}{}% 19
\BOOKMARK [1][-]{section.11}{\376\377\000P\000o\000i\000n\000c\000a\000r\000\351\000\040\000G\000r\000o\000u\000p}{}% 20
\BOOKMARK [1][-]{section.11}{\376\377\000L\000e\000s\000s\000o\000n\000\040\0006\000,\000\040\0000\0005\000/\0001\0000}{}% 21
\BOOKMARK [1][-]{section.12}{\376\377\000M\000a\000s\000s\000i\000v\000e\000\040\000a\000n\000d\000\040\000m\000a\000s\000s\000l\000e\000s\000s\000\040\000p\000a\000r\000t\000i\000c\000l\000e\000s\000\040\000r\000e\000p\000r\000e\000s\000e\000n\000t\000a\000t\000i\000o\000n\000s}{}% 22
\BOOKMARK [1][-]{section.13}{\376\377\000N\000o\000n\000-\000f\000i\000n\000i\000t\000e\000\040\000r\000e\000p\000r\000e\000s\000e\000n\000t\000a\000t\000i\000o\000n\000s\000\040\000o\000f\000\040\000g\000r\000o\000u\000p\000s\000:\000\040\000f\000i\000e\000l\000d\000\040\000r\000e\000p\000r\000e\000s\000e\000n\000t\000a\000t\000i\000o\000n\000s}{}% 23
\BOOKMARK [1][-]{section.13}{\376\377\000L\000e\000s\000s\000o\000n\000\040\0007\000,\000\040\0000\0006\000/\0001\0000}{}% 24
\BOOKMARK [1][-]{section.14}{\376\377\000C\000l\000a\000s\000s\000i\000c\000a\000l\000\040\000F\000i\000e\000l\000d\000\040\000t\000h\000e\000o\000r\000y}{}% 25
\BOOKMARK [2][-]{subsection.14.1}{\376\377\000T\000r\000a\000n\000s\000f\000o\000r\000m\000a\000t\000i\000o\000n\000s\000\040\000o\000f\000\040\000f\000i\000e\000l\000d\000s}{section.14}% 26
\BOOKMARK [1][-]{subsection.14.1}{\376\377\000L\000e\000s\000s\000o\000n\000\040\0008\000,\000\040\0000\0007\000/\0001\0000}{}% 27
\BOOKMARK [1][-]{section.15}{\376\377\000C\000o\000n\000s\000t\000r\000u\000c\000t\000i\000n\000g\000\040\000a\000\040\000L\000a\000g\000r\000a\000n\000g\000i\000a\000n}{}% 28
\BOOKMARK [1][-]{section.16}{\376\377\000L\000e\000a\000s\000t\000\040\000a\000c\000t\000i\000o\000n}{}% 29
\BOOKMARK [1][-]{section.17}{\376\377\000N\000o\000e\000t\000h\000e\000r\000'\000s\000\040\000T\000h\000e\000o\000r\000e\000m}{}% 30
\BOOKMARK [1][-]{section.17}{\376\377\000L\000e\000s\000s\000o\000n\000\040\0009\000,\000\040\0000\0008\000/\0001\0000}{}% 31
\BOOKMARK [2][-]{subsection.17.1}{\376\377\000T\000r\000a\000n\000s\000f\000o\000r\000m\000a\000t\000i\000o\000n\000\040\000p\000a\000r\000a\000m\000e\000t\000e\000r\000s}{section.17}% 32
\BOOKMARK [2][-]{subsection.17.2}{\376\377\000E\000x\000a\000m\000p\000l\000e\000s}{section.17}% 33
\BOOKMARK [1][-]{section.18}{\376\377\000T\000h\000e\000\040\000a\000c\000t\000i\000o\000n\000\040\000o\000f\000\040\000a\000\040\000s\000c\000a\000l\000a\000r\000\040\000f\000i\000e\000l\000d}{}% 34
\BOOKMARK [2][-]{subsection.18.1}{\376\377\000S\000y\000m\000m\000e\000t\000r\000i\000e\000s\000:\000\040\000t\000r\000a\000n\000s\000l\000a\000t\000i\000o\000n\000s}{section.18}% 35
\BOOKMARK [2][-]{subsection.18.2}{\376\377\000S\000y\000m\000m\000e\000t\000r\000i\000e\000s\000:\000\040\000L\000o\000r\000e\000n\000t\000z\000\040\000i\000n\000v\000a\000r\000i\000a\000n\000c\000e}{section.18}% 36
